// Vitest Snapshot v1, https://vitest.dev/guide/snapshot.html

exports[`Footer > should be match with snapshot 1`] = `
<div>
  <footer
    class="sc-beqWaB PUvnb"
  >
    <div
      class="inner-footer"
    >
      <a
        href="/"
      >
        会員登録
      </a>
      <a
        href="/"
      >
        運営会社
      </a>
      <a
        href="/"
      >
        利用規約
      </a>
      <a
        href="/"
      >
        個人情報の取扱について
      </a>
      <a
        href="/"
      >
        特定商取引法に基づく表記
      </a>
      <a
        href="/"
      >
        お問い合わせ
      </a>
    </div>
  </footer>
</div>
`;
